../Core/Src/main.c:163:6:uart_send_char	16	static
../Core/Src/main.c:168:6:uart_send_string	16	static
../Core/Src/main.c:175:6:uart_send_int	40	static
../Core/Src/main.c:181:6:uart_send_hex	40	static
../Core/Src/main.c:190:6:init_tim3	8	static
../Core/Src/main.c:202:6:init_uart	8	static
../Core/Src/main.c:255:6:EXTI0_1_IRQHandler	16	static
../Core/Src/main.c:306:6:TIM6_DAC_IRQHandler	8	static
../Core/Src/main.c:320:6:TIM2_IRQHandler	8	static
../Core/Src/main.c:353:6:init_timers_gpio	8	static
../Core/Src/main.c:401:5:main	8	static
../Core/Src/main.c:416:6:SystemClock_Config	88	static
../Core/Src/main.c:453:6:Error_Handler	8	static,ignoring_inline_asm
