../Core/Src/main.c:157:6:uart_send_char	16	static
../Core/Src/main.c:162:6:uart_send_string	16	static
../Core/Src/main.c:169:6:uart_send_int	40	static
../Core/Src/main.c:175:6:init_uart	8	static
../Core/Src/main.c:224:6:EXTI0_1_IRQHandler	16	static
../Core/Src/main.c:265:6:TIM7_IRQHandler	8	static
../Core/Src/main.c:279:6:init_timers_gpio	8	static
../Core/Src/main.c:316:5:main	8	static
../Core/Src/main.c:330:6:SystemClock_Config	88	static
../Core/Src/main.c:367:6:Error_Handler	8	static,ignoring_inline_asm
